  importScripts("res/sCYCBPgDT7PfyU6bFmdPuQ.js", "res/sCYCBPgDT7PfyU6bFmdPuQ.js");
  "res/sCYCBPgDT7PfyU6bFmdPuQ.js";
  "res/sCYCBPgDT7PfyU6bFmdPuQ.js";
  "content // \\ ' \" content\n";
  "content // \\ ' \" content\n";
  "non.output.content\n";
  "non.output.content\n";
