<!doctype html>

<html>
<head>
  <meta name="build" content="20170911154708/f4a63a5fec5722182880fc159139ae3090275f23">
  <meta charset="utf-8">
  <title>Test</title>

  <link rel="stylesheet" type="text/css" media="all" href="style.css?sXhLE9KNQ2gL_UG9CR27sA">
  
</head>
<body>
  <div class="html-class-test" id="html-id-test"></div>
  <script src="script.js?0s3UCAQPt_n_AFeWRhoo4Q"></script>
  <script>
basis.require("./1.js");
basis.template.get(".0");
basis.template.get(".1");
  </script>
</body>
</html>
