<!doctype html>

<html>
<head>
  <meta name="build" content="20170911154745/f4a63a5fec5722182880fc159139ae3090275f23">
  <meta charset="utf-8">
  <title>Test</title>

  <link rel="stylesheet" type="text/css" media="all" href="style.css?ym9UBvtf-8A14VSQTM3bKg">
  
</head>
<body>
  <div class="html-class-test" id="html-id-test"></div>
  <script src="script.js?PpPvVyOn3BH6XWPjxcEFcg"></script>
  <script>basis.require("./0.js"),basis.template.get(".0"),basis.template.get(".1");</script>
</body>
</html>
