  importScripts("res/2UXU8U3kxAevHpp6qHrcjg.js", "res/2UXU8U3kxAevHpp6qHrcjg.js");
  "res/2UXU8U3kxAevHpp6qHrcjg.js";
  "res/sCYCBPgDT7PfyU6bFmdPuQ.js";
  "nested.content // \\ ' \" content\n";
  "content // \\ ' \" content\n";
  "nested.non.output.content\n";
  "non.output.content\n";
